------------------------------------------------------------
Timing Analyzer Summary
------------------------------------------------------------

Type  : Slow 1200mV 85C Model Setup 'counter:counting|seconds'
Slack : -4.133
TNS   : -75.817

Type  : Slow 1200mV 85C Model Setup 'clock'
Slack : -2.358
TNS   : -40.258

Type  : Slow 1200mV 85C Model Setup 'enable'
Slack : -2.242
TNS   : -33.335

Type  : Slow 1200mV 85C Model Setup 'increment'
Slack : -2.218
TNS   : -22.794

Type  : Slow 1200mV 85C Model Hold 'counter:counting|seconds'
Slack : -0.083
TNS   : -0.083

Type  : Slow 1200mV 85C Model Hold 'increment'
Slack : 0.159
TNS   : 0.000

Type  : Slow 1200mV 85C Model Hold 'clock'
Slack : 0.347
TNS   : 0.000

Type  : Slow 1200mV 85C Model Hold 'enable'
Slack : 1.235
TNS   : 0.000

Type  : Slow 1200mV 85C Model Recovery 'clock'
Slack : -2.845
TNS   : -70.113

Type  : Slow 1200mV 85C Model Recovery 'increment'
Slack : -1.751
TNS   : -30.449

Type  : Slow 1200mV 85C Model Recovery 'counter:counting|seconds'
Slack : 0.156
TNS   : 0.000

Type  : Slow 1200mV 85C Model Removal 'counter:counting|seconds'
Slack : -0.293
TNS   : -4.477

Type  : Slow 1200mV 85C Model Removal 'increment'
Slack : 1.703
TNS   : 0.000

Type  : Slow 1200mV 85C Model Removal 'clock'
Slack : 2.184
TNS   : 0.000

Type  : Slow 1200mV 85C Model Minimum Pulse Width 'clock'
Slack : -3.000
TNS   : -42.284

Type  : Slow 1200mV 85C Model Minimum Pulse Width 'increment'
Slack : -3.000
TNS   : -28.254

Type  : Slow 1200mV 85C Model Minimum Pulse Width 'enable'
Slack : -3.000
TNS   : -3.000

Type  : Slow 1200mV 85C Model Minimum Pulse Width 'counter:counting|seconds'
Slack : -1.403
TNS   : -26.657

Type  : Slow 1200mV 0C Model Setup 'counter:counting|seconds'
Slack : -3.743
TNS   : -68.424

Type  : Slow 1200mV 0C Model Setup 'clock'
Slack : -2.004
TNS   : -33.492

Type  : Slow 1200mV 0C Model Setup 'enable'
Slack : -1.982
TNS   : -29.069

Type  : Slow 1200mV 0C Model Setup 'increment'
Slack : -1.959
TNS   : -18.895

Type  : Slow 1200mV 0C Model Hold 'counter:counting|seconds'
Slack : 0.004
TNS   : 0.000

Type  : Slow 1200mV 0C Model Hold 'increment'
Slack : 0.148
TNS   : 0.000

Type  : Slow 1200mV 0C Model Hold 'clock'
Slack : 0.312
TNS   : 0.000

Type  : Slow 1200mV 0C Model Hold 'enable'
Slack : 1.107
TNS   : 0.000

Type  : Slow 1200mV 0C Model Recovery 'clock'
Slack : -2.533
TNS   : -62.051

Type  : Slow 1200mV 0C Model Recovery 'increment'
Slack : -1.595
TNS   : -27.777

Type  : Slow 1200mV 0C Model Recovery 'counter:counting|seconds'
Slack : 0.037
TNS   : 0.000

Type  : Slow 1200mV 0C Model Removal 'counter:counting|seconds'
Slack : -0.199
TNS   : -2.899

Type  : Slow 1200mV 0C Model Removal 'increment'
Slack : 1.585
TNS   : 0.000

Type  : Slow 1200mV 0C Model Removal 'clock'
Slack : 2.012
TNS   : 0.000

Type  : Slow 1200mV 0C Model Minimum Pulse Width 'clock'
Slack : -3.000
TNS   : -42.284

Type  : Slow 1200mV 0C Model Minimum Pulse Width 'increment'
Slack : -3.000
TNS   : -28.254

Type  : Slow 1200mV 0C Model Minimum Pulse Width 'enable'
Slack : -3.000
TNS   : -3.000

Type  : Slow 1200mV 0C Model Minimum Pulse Width 'counter:counting|seconds'
Slack : -1.403
TNS   : -26.657

Type  : Fast 1200mV 0C Model Setup 'counter:counting|seconds'
Slack : -1.210
TNS   : -21.436

Type  : Fast 1200mV 0C Model Setup 'enable'
Slack : -1.079
TNS   : -15.959

Type  : Fast 1200mV 0C Model Setup 'increment'
Slack : -0.381
TNS   : -0.583

Type  : Fast 1200mV 0C Model Setup 'clock'
Slack : -0.339
TNS   : -2.423

Type  : Fast 1200mV 0C Model Hold 'counter:counting|seconds'
Slack : -0.069
TNS   : -0.069

Type  : Fast 1200mV 0C Model Hold 'increment'
Slack : 0.007
TNS   : 0.000

Type  : Fast 1200mV 0C Model Hold 'clock'
Slack : 0.152
TNS   : 0.000

Type  : Fast 1200mV 0C Model Hold 'enable'
Slack : 1.175
TNS   : 0.000

Type  : Fast 1200mV 0C Model Recovery 'clock'
Slack : -0.729
TNS   : -16.344

Type  : Fast 1200mV 0C Model Recovery 'increment'
Slack : -0.177
TNS   : -2.633

Type  : Fast 1200mV 0C Model Recovery 'counter:counting|seconds'
Slack : 0.675
TNS   : 0.000

Type  : Fast 1200mV 0C Model Removal 'counter:counting|seconds'
Slack : -0.153
TNS   : -2.315

Type  : Fast 1200mV 0C Model Removal 'increment'
Slack : 0.669
TNS   : 0.000

Type  : Fast 1200mV 0C Model Removal 'clock'
Slack : 0.888
TNS   : 0.000

Type  : Fast 1200mV 0C Model Minimum Pulse Width 'clock'
Slack : -3.000
TNS   : -31.831

Type  : Fast 1200mV 0C Model Minimum Pulse Width 'increment'
Slack : -3.000
TNS   : -22.729

Type  : Fast 1200mV 0C Model Minimum Pulse Width 'enable'
Slack : -3.000
TNS   : -3.000

Type  : Fast 1200mV 0C Model Minimum Pulse Width 'counter:counting|seconds'
Slack : -1.000
TNS   : -19.000

------------------------------------------------------------
